// Jest Snapshot v1, https://goo.gl/fbAQLP

exports[`Job Component should render correctly 1`] = `ShallowWrapper {}`;
