// Jest Snapshot v1, https://goo.gl/fbAQLP

exports[`LoginPage should render profile page 1`] = `ShallowWrapper {}`;
